CGTN纪录,http://ott.fj.chinamobile.com/PLTV/88888888/224/3221225813/index.m3u8
新闻频道,http://tvcdn.stream3.hndt.com/tv/65bb6966017e100059b75a8500000000_transios/playlist.m3u8?wsSecret=c47c84fcb7858c6b5dc00311dc43f7ff&wsTime=1776556727
福建综合,http://ott.fj.chinamobile.com/PLTV/88888888/224/3221227149/index.m3u8
都市频道,http://tvcdn.stream3.hndt.com/tv/65c3fbc5017e1000fde13faa00000000_transios/playlist.m3u8?wsSecret=4cd19ec693c85d9f295aa46cab8bf577&wsTime=1776556727
福建新闻,http://ott.fj.chinamobile.com/PLTV/88888888/224/3221227180/index.m3u8
民生频道,http://tvcdn.stream3.hndt.com/tv/65bef28a017e10009c49d5f900000000_transios/playlist.m3u8?wsSecret=95adf28101eea16011ef0e925b754057&wsTime=1776556727
福建经济,http://ott.fj.chinamobile.com/PLTV/88888888/224/3221227184/index.m3u8
法治频道,http://tvcdn.stream3.hndt.com/tv/65be54a9017e1000af59fb4800000000_transios/playlist.m3u8?wsSecret=ce6720404b71917e2867eed875dec6fd&wsTime=1776556727
福建旅游,http://ott.fj.chinamobile.com/PLTV/88888888/224/3221227190/index.m3u8
公共频道,http://tvcdn.stream3.hndt.com/tv/65b93894017e10000ae6b07d00000000_transios/playlist.m3u8?wsSecret=2b29244762eb33f7e6acc900a01230a8&wsTime=1776556727
海峡卫视,http://ott.fj.chinamobile.com/PLTV/88888888/224/3221227198/index.m3u8
河南乡村频道,http://tvcdn.stream3.hndt.com/tv/65b8302b017e100019dc540f00000000_transios/playlist.m3u8?wsSecret=8397984779fc33d762c8d928644dda1e&wsTime=1776556727
厦门卫视,http://ott.fj.chinamobile.com/PLTV/88888888/224/3221226781/index.m3u8
电视剧频道,http://tvcdn.stream3.hndt.com/tv/65bd329b017e1000648cd2ed00000000_transios/playlist.m3u8?wsSecret=b115733442f231cd96c07f35cc9cd38a&wsTime=1776556727
陕西卫视 标清,http://ott.fj.chinamobile.com/PLTV/88888888/224/3221227221/index.m3u8
梨园频道,https://dxtx.hntv.tv/live/lypd.m3u8?txSecret=10c771842a0be59e8b575d765173ec96&txTime=7B923E0A&wsSecret=a46f18ad4f9c88f51dd19c0b60fc008d&wsTime=1776556727
内蒙古卫视 标清,http://ott.fj.chinamobile.com/PLTV/88888888/224/3221227244/index.m3u8
文物宝库,https://dxtx.hntv.tv/live/wwbk.m3u8?txSecret=317b89626134fd6bea6e129455b5ff18&txTime=7C4C635C&wsSecret=f3d4289fdc3c97b5cecfba73823e92cd&wsTime=1776556727
新疆卫视 标清,http://ott.fj.chinamobile.com/PLTV/88888888/224/3221227248/index.m3u8
武术频道,https://dxtx.hntv.tv/live/wssj.m3u8?txSecret=c38b4d31ba4c45c6babb5c47132123e3&txTime=7ABB976A&wsSecret=0bbf3ee1c9d54b4b761e2e67f6b64190&wsTime=1776556727
西藏卫视 标清,http://ott.fj.chinamobile.com/PLTV/88888888/224/3221227217/index.m3u8
睛彩中原,https://dxtx.hntv.tv/live/jczy.m3u8?txSecret=e785008e49564e5e738439b4dd2ae68e&txTime=7C4C6207&wsSecret=80757660e0c8d6fa353405a55b788639&wsTime=1776556727
哈哈炫动 标清,http://ott.fj.chinamobile.com/PLTV/88888888/224/3221227335/index.m3u8
象视界,http://tvcdn.stream3.hndt.com/tv/d34d1a2b0178100022de972e00000000_transios/playlist.m3u8?wsSecret=614c8e4f59fea21edd2064018fad6ee4&wsTime=1776556727
深圳卫视 4K,http://ott.fj.chinamobile.com/PLTV/88888888/224/3221227489/index.m3u8
国学频道,rtmp://rtmp.tv.stream3.hndt.com/tv/647f9277018410008cf925e200000000?wsSecret=9a23316ee66e918684e097f&wsSecret=d691309b5bd20351b6b00249a92d854e&wsTime=1776556727
山西卫视 标清,http://ott.fj.chinamobile.com/PLTV/88888888/224/3221225839/index.m3u8
欢腾购物,http://tvcdn.stream3.hndt.com/tv/65ba653b017e1000d4ee41c700000000_transios/playlist.m3u8?wsSecret=249e46ca8c05a44dd21eb0362fbe1a40&wsTime=1776556727
宁夏卫视 标清,http://ott.fj.chinamobile.com/PLTV/88888888/224/3221225849/index.m3u8
CCTV4K,http://198.204.240.250:82/live/cctv4k.m3u8?jsbt=1760148172&jsbk=8ce47519e62b009dfa80f8fbfb2dd932
新疆卫视 标清,http://ott.fj.chinamobile.com/PLTV/88888888/224/3221225852/index.m3u8
CCTV4K,http://198.204.240.250:82/live/cctv4k.m3u8?jsbt=1760495957&jsbk=138a7cd8fb02f369c744cf0ceb413e85
晴彩篮球,http://ott.fj.chinamobile.com/PLTV/88888888/224/3221227158/index.m3u8
CHC影迷电影,https://t.freetv.fun/live/chcying-mi-dian-ying-8.m3u8
晴彩广场舞,http://ott.fj.chinamobile.com/PLTV/88888888/224/3221227343/index.m3u8
CHC影迷电影,http://38.75.136.137:98/gslb/dsdqpub/chchd.m3u8?auth=testpub
金鹰纪实,http://ott.fj.chinamobile.com/PLTV/88888888/224/3221226937/index.m3u8
河北卫视HD,http://38.75.136.137:98/gslb/dsdqpub/hewshd.m3u8?auth=testpub
