分类: 📺央视频道, 名称: CCTV-1, 总数: 49, 有效: 4, 有效率: 8.16%, IPv4: 49, IPv6: 0, 最小延迟: 143 ms, 最高速率: 7.43 M/s, 平均速率: 5.74 M/s, 最高分辨率: 1920x1080, 平均帧率: 25.00, 视频编解码器: h264, 音频编解码器: aac
分类: 📺央视频道, 名称: CCTV-2, 总数: 27, 有效: 2, 有效率: 7.41%, IPv4: 27, IPv6: 0, 最小延迟: 216 ms, 最高速率: 18.15 M/s, 平均速率: 14.36 M/s, 最高分辨率: 1920x1080, 平均帧率: 32.00, 视频编解码器: h264, 音频编解码器: aac
分类: 📺央视频道, 名称: CCTV-3, 总数: 22, 有效: 1, 有效率: 4.55%, IPv4: 22, IPv6: 0, 最小延迟: 337 ms, 最高速率: 14.12 M/s, 平均速率: 14.12 M/s, 最高分辨率: 1920x1080, 平均帧率: 25.00, 视频编解码器: h264, 音频编解码器: aac
分类: 📺央视频道, 名称: CCTV-4, 总数: 29, 有效: 2, 有效率: 6.90%, IPv4: 29, IPv6: 0, 最小延迟: 149 ms, 最高速率: 7.60 M/s, 平均速率: 4.37 M/s, 最高分辨率: 1920x1080, 平均帧率: 25.00, 视频编解码器: h264, 音频编解码器: aac
分类: 📺央视频道, 名称: CCTV-5, 总数: 32, 有效: 2, 有效率: 6.25%, IPv4: 32, IPv6: 0, 最小延迟: 186 ms, 最高速率: 13.97 M/s, 平均速率: 13.70 M/s, 最高分辨率: 1920x1080, 平均帧率: 33.33, 视频编解码器: h264, 音频编解码器: aac
分类: 📺央视频道, 名称: CCTV-5+, 总数: 24, 有效: 0, 有效率: 0.00%, IPv4: 24, IPv6: 0, 最小延迟: 2278 ms, 最高速率: 0.46 M/s, 平均速率: 0.00 M/s, 最高分辨率: 1920x1080, 平均帧率: 25.00, 视频编解码器: h264, 音频编解码器: aac
分类: 📺央视频道, 名称: CCTV-6, 总数: 39, 有效: 5, 有效率: 12.82%, IPv4: 39, IPv6: 0, 最小延迟: 154 ms, 最高速率: 9.07 M/s, 平均速率: 7.13 M/s, 最高分辨率: 1280x720, 平均帧率: 25.00, 视频编解码器: h264, 音频编解码器: aac
分类: 📺央视频道, 名称: CCTV-7, 总数: 30, 有效: 2, 有效率: 6.67%, IPv4: 30, IPv6: 0, 最小延迟: 379 ms, 最高速率: 2.85 M/s, 平均速率: 1.76 M/s, 最高分辨率: 1920x1080, 平均帧率: 38.75, 视频编解码器: h264, 音频编解码器: aac
分类: 📺央视频道, 名称: CCTV-8, 总数: 32, 有效: 2, 有效率: 6.25%, IPv4: 32, IPv6: 0, 最小延迟: 715 ms, 最高速率: 1.69 M/s, 平均速率: 1.55 M/s, 最高分辨率: 1920x1080, 平均帧率: 25.00, 视频编解码器: h264, 音频编解码器: aac
分类: 📺央视频道, 名称: CCTV-9, 总数: 27, 有效: 1, 有效率: 3.70%, IPv4: 27, IPv6: 0, 最小延迟: 182 ms, 最高速率: 10.68 M/s, 平均速率: 10.68 M/s, 最高分辨率: 1920x1080, 平均帧率: 25.00, 视频编解码器: h264, 音频编解码器: aac
分类: 📺央视频道, 名称: CCTV-10, 总数: 36, 有效: 1, 有效率: 2.78%, IPv4: 36, IPv6: 0, 最小延迟: 271 ms, 最高速率: 9.98 M/s, 平均速率: 9.98 M/s, 最高分辨率: 1280x720, 平均帧率: 25.00, 视频编解码器: h264, 音频编解码器: aac
分类: 📺央视频道, 名称: CCTV-11, 总数: 25, 有效: 1, 有效率: 4.00%, IPv4: 25, IPv6: 0, 最小延迟: 249 ms, 最高速率: 10.63 M/s, 平均速率: 10.63 M/s, 最高分辨率: 1280x720, 平均帧率: 43.75, 视频编解码器: h264, 音频编解码器: mp2
分类: 📺央视频道, 名称: CCTV-12, 总数: 29, 有效: 2, 有效率: 6.90%, IPv4: 29, IPv6: 0, 最小延迟: 128 ms, 最高速率: 8.18 M/s, 平均速率: 6.68 M/s, 最高分辨率: 1280x720, 平均帧率: 42.50, 视频编解码器: h264, 音频编解码器: aac
分类: 📺央视频道, 名称: CCTV-13, 总数: 22, 有效: 1, 有效率: 4.55%, IPv4: 22, IPv6: 0, 最小延迟: 157 ms, 最高速率: 5.94 M/s, 平均速率: 5.94 M/s, 最高分辨率: 1920x1080, 平均帧率: 37.50, 视频编解码器: h264, 音频编解码器: mp2
分类: 📺央视频道, 名称: CCTV-14, 总数: 24, 有效: 4, 有效率: 16.67%, IPv4: 24, IPv6: 0, 最小延迟: 137 ms, 最高速率: 7.46 M/s, 平均速率: 7.06 M/s, 最高分辨率: 1280x720, 平均帧率: 32.00, 视频编解码器: h264, 音频编解码器: aac
分类: 📺央视频道, 名称: CCTV-15, 总数: 14, 有效: 2, 有效率: 14.29%, IPv4: 14, IPv6: 0, 最小延迟: 163 ms, 最高速率: 8.82 M/s, 平均速率: 5.16 M/s, 最高分辨率: 1280x720, 平均帧率: 25.00, 视频编解码器: h264, 音频编解码器: aac
分类: 📺央视频道, 名称: CCTV-16, 总数: 18, 有效: 1, 有效率: 5.56%, IPv4: 18, IPv6: 0, 最小延迟: 130 ms, 最高速率: 4.36 M/s, 平均速率: 4.36 M/s, 最高分辨率: 1280x720, 平均帧率: 30.00, 视频编解码器: h264, 音频编解码器: aac
分类: 📺央视频道, 名称: CCTV-17, 总数: 14, 有效: 1, 有效率: 7.14%, IPv4: 14, IPv6: 0, 最小延迟: 283 ms, 最高速率: 15.11 M/s, 平均速率: 15.11 M/s, 最高分辨率: 1920x1080, 平均帧率: 35.00, 视频编解码器: h264, 音频编解码器: aac
分类: 📺央视频道, 名称: CETV-4, 总数: 1, 有效: 0, 有效率: 0.00%, IPv4: 1, IPv6: 0, 最小延迟: -1 ms, 最高速率: 0.00 M/s, 平均速率: 0.00 M/s, 最高分辨率: None, 平均帧率: 未知, 视频编解码器: 未知, 音频编解码器: 未知
分类: 📺央视频道, 名称: CETV-1, 总数: 3, 有效: 0, 有效率: 0.00%, IPv4: 3, IPv6: 0, 最小延迟: -1 ms, 最高速率: 0.00 M/s, 平均速率: 0.00 M/s, 最高分辨率: None, 平均帧率: 未知, 视频编解码器: 未知, 音频编解码器: 未知
分类: 📺央视频道, 名称: CETV-2, 总数: 2, 有效: 0, 有效率: 0.00%, IPv4: 2, IPv6: 0, 最小延迟: -1 ms, 最高速率: 0.00 M/s, 平均速率: 0.00 M/s, 最高分辨率: None, 平均帧率: 未知, 视频编解码器: 未知, 音频编解码器: 未知
分类: 📺央视频道, 名称: CETV-3, 总数: 1, 有效: 0, 有效率: 0.00%, IPv4: 1, IPv6: 0, 最小延迟: -1 ms, 最高速率: 0.00 M/s, 平均速率: 0.00 M/s, 最高分辨率: None, 平均帧率: 未知, 视频编解码器: 未知, 音频编解码器: 未知
分类: 📡卫视频道, 名称: 广东卫视, 总数: 26, 有效: 0, 有效率: 0.00%, IPv4: 26, IPv6: 0, 最小延迟: 2126 ms, 最高速率: 0.42 M/s, 平均速率: 0.00 M/s, 最高分辨率: 1920x1080, 平均帧率: 25.00, 视频编解码器: h264, 音频编解码器: mp2
分类: 📡卫视频道, 名称: 香港卫视, 总数: 1, 有效: 0, 有效率: 0.00%, IPv4: 1, IPv6: 0, 最小延迟: 4001 ms, 最高速率: 0.05 M/s, 平均速率: 0.00 M/s, 最高分辨率: None, 平均帧率: 未知, 视频编解码器: 未知, 音频编解码器: 未知
分类: 📡卫视频道, 名称: 浙江卫视, 总数: 17, 有效: 0, 有效率: 0.00%, IPv4: 17, IPv6: 0, 最小延迟: -1 ms, 最高速率: 0.00 M/s, 平均速率: 0.00 M/s, 最高分辨率: None, 平均帧率: 未知, 视频编解码器: 未知, 音频编解码器: 未知
分类: 📡卫视频道, 名称: 湖南卫视, 总数: 23, 有效: 0, 有效率: 0.00%, IPv4: 23, IPv6: 0, 最小延迟: 4001 ms, 最高速率: 0.14 M/s, 平均速率: 0.00 M/s, 最高分辨率: 1920x1080, 平均帧率: 25.00, 视频编解码器: h264, 音频编解码器: mp2
分类: 📡卫视频道, 名称: 北京卫视, 总数: 33, 有效: 1, 有效率: 3.03%, IPv4: 33, IPv6: 0, 最小延迟: 4001 ms, 最高速率: 0.93 M/s, 平均速率: 0.93 M/s, 最高分辨率: 1920x1080, 平均帧率: 33.33, 视频编解码器: h264, 音频编解码器: mp2
分类: 📡卫视频道, 名称: 湖北卫视, 总数: 29, 有效: 0, 有效率: 0.00%, IPv4: 29, IPv6: 0, 最小延迟: 4003 ms, 最高速率: 0.27 M/s, 平均速率: 0.00 M/s, 最高分辨率: None, 平均帧率: 未知, 视频编解码器: 未知, 音频编解码器: 未知
分类: 📡卫视频道, 名称: 黑龙江卫视, 总数: 31, 有效: 0, 有效率: 0.00%, IPv4: 31, IPv6: 0, 最小延迟: 4001 ms, 最高速率: 0.44 M/s, 平均速率: 0.00 M/s, 最高分辨率: 1920x1080, 平均帧率: 25.00, 视频编解码器: h264, 音频编解码器: mp2
分类: 📡卫视频道, 名称: 安徽卫视, 总数: 20, 有效: 1, 有效率: 5.00%, IPv4: 20, IPv6: 0, 最小延迟: 1058 ms, 最高速率: 1.14 M/s, 平均速率: 1.14 M/s, 最高分辨率: 1920x1080, 平均帧率: 25.00, 视频编解码器: h264, 音频编解码器: aac
分类: 📡卫视频道, 名称: 重庆卫视, 总数: 16, 有效: 0, 有效率: 0.00%, IPv4: 16, IPv6: 0, 最小延迟: 4001 ms, 最高速率: 0.17 M/s, 平均速率: 0.00 M/s, 最高分辨率: None, 平均帧率: 未知, 视频编解码器: 未知, 音频编解码器: 未知
分类: 📡卫视频道, 名称: 东方卫视, 总数: 25, 有效: 0, 有效率: 0.00%, IPv4: 25, IPv6: 0, 最小延迟: 1125 ms, 最高速率: 0.80 M/s, 平均速率: 0.00 M/s, 最高分辨率: 1920x1080, 平均帧率: 25.00, 视频编解码器: h264, 音频编解码器: aac
分类: 📡卫视频道, 名称: 东南卫视, 总数: 18, 有效: 0, 有效率: 0.00%, IPv4: 18, IPv6: 0, 最小延迟: 4001 ms, 最高速率: 0.25 M/s, 平均速率: 0.00 M/s, 最高分辨率: None, 平均帧率: 未知, 视频编解码器: 未知, 音频编解码器: 未知
分类: 📡卫视频道, 名称: 甘肃卫视, 总数: 7, 有效: 0, 有效率: 0.00%, IPv4: 7, IPv6: 0, 最小延迟: 4001 ms, 最高速率: 0.37 M/s, 平均速率: 0.00 M/s, 最高分辨率: 1920x1080, 平均帧率: 50.00, 视频编解码器: h264, 音频编解码器: mp2
分类: 📡卫视频道, 名称: 广西卫视, 总数: 16, 有效: 0, 有效率: 0.00%, IPv4: 16, IPv6: 0, 最小延迟: 2942 ms, 最高速率: 0.54 M/s, 平均速率: 0.00 M/s, 最高分辨率: 720x576, 平均帧率: 50.00, 视频编解码器: h264, 音频编解码器: mp2
分类: 📡卫视频道, 名称: 贵州卫视, 总数: 20, 有效: 0, 有效率: 0.00%, IPv4: 20, IPv6: 0, 最小延迟: 4001 ms, 最高速率: 0.52 M/s, 平均速率: 0.00 M/s, 最高分辨率: 1920x1080, 平均帧率: 25.00, 视频编解码器: h264, 音频编解码器: mp2
分类: 📡卫视频道, 名称: 海南卫视, 总数: 13, 有效: 0, 有效率: 0.00%, IPv4: 13, IPv6: 0, 最小延迟: -1 ms, 最高速率: 0.00 M/s, 平均速率: 0.00 M/s, 最高分辨率: None, 平均帧率: 未知, 视频编解码器: 未知, 音频编解码器: 未知
分类: 📡卫视频道, 名称: 河北卫视, 总数: 20, 有效: 0, 有效率: 0.00%, IPv4: 20, IPv6: 0, 最小延迟: 4001 ms, 最高速率: 0.14 M/s, 平均速率: 0.00 M/s, 最高分辨率: 1920x1080, 平均帧率: 25.00, 视频编解码器: h264, 音频编解码器: mp2
分类: 📡卫视频道, 名称: 河南卫视, 总数: 18, 有效: 0, 有效率: 0.00%, IPv4: 18, IPv6: 0, 最小延迟: 1791 ms, 最高速率: 0.55 M/s, 平均速率: 0.00 M/s, 最高分辨率: 720x576, 平均帧率: 50.00, 视频编解码器: h264, 音频编解码器: mp2
分类: 📡卫视频道, 名称: 吉林卫视, 总数: 24, 有效: 0, 有效率: 0.00%, IPv4: 24, IPv6: 0, 最小延迟: 4001 ms, 最高速率: 0.47 M/s, 平均速率: 0.00 M/s, 最高分辨率: 720x576, 平均帧率: 50.00, 视频编解码器: h264, 音频编解码器: mp2
分类: 📡卫视频道, 名称: 江苏卫视, 总数: 19, 有效: 0, 有效率: 0.00%, IPv4: 19, IPv6: 0, 最小延迟: 4001 ms, 最高速率: 0.34 M/s, 平均速率: 0.00 M/s, 最高分辨率: 1920x1080, 平均帧率: 25.00, 视频编解码器: h264, 音频编解码器: mp2
分类: 📡卫视频道, 名称: 江西卫视, 总数: 22, 有效: 1, 有效率: 4.55%, IPv4: 22, IPv6: 0, 最小延迟: 3585 ms, 最高速率: 0.94 M/s, 平均速率: 0.94 M/s, 最高分辨率: 1920x1080, 平均帧率: 33.33, 视频编解码器: h264, 音频编解码器: aac
分类: 📡卫视频道, 名称: 辽宁卫视, 总数: 25, 有效: 1, 有效率: 4.00%, IPv4: 25, IPv6: 0, 最小延迟: 238 ms, 最高速率: 18.20 M/s, 平均速率: 18.20 M/s, 最高分辨率: 1920x1080, 平均帧率: 25.00, 视频编解码器: h264, 音频编解码器: aac
分类: 📡卫视频道, 名称: 内蒙古卫视, 总数: 6, 有效: 1, 有效率: 16.67%, IPv4: 6, IPv6: 0, 最小延迟: 1714 ms, 最高速率: 0.90 M/s, 平均速率: 0.90 M/s, 最高分辨率: 1920x1080, 平均帧率: 25.00, 视频编解码器: h264, 音频编解码器: mp2
分类: 📡卫视频道, 名称: 宁夏卫视, 总数: 9, 有效: 0, 有效率: 0.00%, IPv4: 9, IPv6: 0, 最小延迟: 4001 ms, 最高速率: 0.34 M/s, 平均速率: 0.00 M/s, 最高分辨率: 720x576, 平均帧率: 25.00, 视频编解码器: h264, 音频编解码器: mp2
分类: 📡卫视频道, 名称: 青海卫视, 总数: 8, 有效: 0, 有效率: 0.00%, IPv4: 8, IPv6: 0, 最小延迟: 4001 ms, 最高速率: 0.03 M/s, 平均速率: 0.00 M/s, 最高分辨率: 720x576, 平均帧率: 50.00, 视频编解码器: h264, 音频编解码器: mp2
分类: 📡卫视频道, 名称: 山东卫视, 总数: 15, 有效: 0, 有效率: 0.00%, IPv4: 15, IPv6: 0, 最小延迟: 4001 ms, 最高速率: 0.62 M/s, 平均速率: 0.00 M/s, 最高分辨率: None, 平均帧率: 未知, 视频编解码器: 未知, 音频编解码器: 未知
分类: 📡卫视频道, 名称: 山西卫视, 总数: 14, 有效: 0, 有效率: 0.00%, IPv4: 14, IPv6: 0, 最小延迟: 2745 ms, 最高速率: 0.51 M/s, 平均速率: 0.00 M/s, 最高分辨率: 1920x1080, 平均帧率: 39.29, 视频编解码器: h264, 音频编解码器: mp2
分类: 📡卫视频道, 名称: 陕西卫视, 总数: 15, 有效: 0, 有效率: 0.00%, IPv4: 15, IPv6: 0, 最小延迟: 3532 ms, 最高速率: 0.51 M/s, 平均速率: 0.00 M/s, 最高分辨率: 720x576, 平均帧率: 46.88, 视频编解码器: h264, 音频编解码器: mp2
分类: 📡卫视频道, 名称: 四川卫视, 总数: 16, 有效: 0, 有效率: 0.00%, IPv4: 16, IPv6: 0, 最小延迟: 4001 ms, 最高速率: 0.17 M/s, 平均速率: 0.00 M/s, 最高分辨率: None, 平均帧率: 未知, 视频编解码器: 未知, 音频编解码器: 未知
分类: 📡卫视频道, 名称: 深圳卫视, 总数: 21, 有效: 0, 有效率: 0.00%, IPv4: 21, IPv6: 0, 最小延迟: 2809 ms, 最高速率: 0.58 M/s, 平均速率: 0.00 M/s, 最高分辨率: 720x576, 平均帧率: 50.00, 视频编解码器: h264, 音频编解码器: mp2
分类: 📡卫视频道, 名称: 三沙卫视, 总数: 4, 有效: 0, 有效率: 0.00%, IPv4: 4, IPv6: 0, 最小延迟: 1019 ms, 最高速率: 0.10 M/s, 平均速率: 0.00 M/s, 最高分辨率: 1280x720, 平均帧率: 60.00, 视频编解码器: h264, 音频编解码器: aac
分类: 📡卫视频道, 名称: 天津卫视, 总数: 21, 有效: 0, 有效率: 0.00%, IPv4: 21, IPv6: 0, 最小延迟: 2595 ms, 最高速率: 0.42 M/s, 平均速率: 0.00 M/s, 最高分辨率: 720x576, 平均帧率: 50.00, 视频编解码器: h264, 音频编解码器: mp2
分类: 📡卫视频道, 名称: 西藏卫视, 总数: 7, 有效: 0, 有效率: 0.00%, IPv4: 7, IPv6: 0, 最小延迟: 2495 ms, 最高速率: 0.51 M/s, 平均速率: 0.00 M/s, 最高分辨率: 720x576, 平均帧率: 37.50, 视频编解码器: mpeg2video, 音频编解码器: mp2
分类: 📡卫视频道, 名称: 新疆卫视, 总数: 10, 有效: 0, 有效率: 0.00%, IPv4: 10, IPv6: 0, 最小延迟: 2361 ms, 最高速率: 0.20 M/s, 平均速率: 0.00 M/s, 最高分辨率: 720x576, 平均帧率: 37.50, 视频编解码器: h264, 音频编解码器: aac
分类: 🎬电影频道, 名称: CHC家庭影院, 总数: 3, 有效: 2, 有效率: 66.67%, IPv4: 3, IPv6: 0, 最小延迟: 128 ms, 最高速率: 12.01 M/s, 平均速率: 8.23 M/s, 最高分辨率: 1920x1080, 平均帧率: 25.00, 视频编解码器: h264, 音频编解码器: aac
分类: 🎬电影频道, 名称: CHC动作电影, 总数: 1, 有效: 0, 有效率: 0.00%, IPv4: 1, IPv6: 0, 最小延迟: -1 ms, 最高速率: 0.00 M/s, 平均速率: 0.00 M/s, 最高分辨率: None, 平均帧率: 未知, 视频编解码器: 未知, 音频编解码器: 未知
分类: 📡卫视频道, 名称: 云南卫视, 总数: 14, 有效: 0, 有效率: 0.00%, IPv4: 14, IPv6: 0, 最小延迟: 646 ms, 最高速率: 0.35 M/s, 平均速率: 0.00 M/s, 最高分辨率: 720x576, 平均帧率: 50.00, 视频编解码器: h264, 音频编解码器: mp2
分类: 🎬电影频道, 名称: NewTV惊悚悬疑, 总数: 5, 有效: 0, 有效率: 0.00%, IPv4: 5, IPv6: 0, 最小延迟: -1 ms, 最高速率: 0.00 M/s, 平均速率: 0.00 M/s, 最高分辨率: None, 平均帧率: 未知, 视频编解码器: 未知, 音频编解码器: 未知
分类: 🎬电影频道, 名称: 东森电影, 总数: 1, 有效: 0, 有效率: 0.00%, IPv4: 1, IPv6: 0, 最小延迟: -1 ms, 最高速率: 0.00 M/s, 平均速率: 0.00 M/s, 最高分辨率: None, 平均帧率: 未知, 视频编解码器: 未知, 音频编解码器: 未知
分类: 🏀体育频道, 名称: 五星体育, 总数: 1, 有效: 0, 有效率: 0.00%, IPv4: 1, IPv6: 0, 最小延迟: -1 ms, 最高速率: 0.00 M/s, 平均速率: 0.00 M/s, 最高分辨率: None, 平均帧率: 未知, 视频编解码器: 未知, 音频编解码器: 未知
分类: 🎬电影频道, 名称: 黑莓电影, 总数: 4, 有效: 0, 有效率: 0.00%, IPv4: 4, IPv6: 0, 最小延迟: -1 ms, 最高速率: 0.00 M/s, 平均速率: 0.00 M/s, 最高分辨率: None, 平均帧率: 未知, 视频编解码器: 未知, 音频编解码器: 未知
分类: 🏀体育频道, 名称: 精品体育, 总数: 2, 有效: 0, 有效率: 0.00%, IPv4: 2, IPv6: 0, 最小延迟: -1 ms, 最高速率: 0.00 M/s, 平均速率: 0.00 M/s, 最高分辨率: None, 平均帧率: 未知, 视频编解码器: 未知, 音频编解码器: 未知
分类: 🏀体育频道, 名称: 福建体育, 总数: 2, 有效: 0, 有效率: 0.00%, IPv4: 2, IPv6: 0, 最小延迟: -1 ms, 最高速率: 0.00 M/s, 平均速率: 0.00 M/s, 最高分辨率: None, 平均帧率: 未知, 视频编解码器: 未知, 音频编解码器: 未知
分类: 🏀体育频道, 名称: 睛彩篮球, 总数: 2, 有效: 0, 有效率: 0.00%, IPv4: 2, IPv6: 0, 最小延迟: -1 ms, 最高速率: 0.00 M/s, 平均速率: 0.00 M/s, 最高分辨率: None, 平均帧率: 未知, 视频编解码器: 未知, 音频编解码器: 未知
分类: 🏀体育频道, 名称: 睛彩广场舞, 总数: 2, 有效: 0, 有效率: 0.00%, IPv4: 2, IPv6: 0, 最小延迟: -1 ms, 最高速率: 0.00 M/s, 平均速率: 0.00 M/s, 最高分辨率: None, 平均帧率: 未知, 视频编解码器: 未知, 音频编解码器: 未知
分类: 🏀体育频道, 名称: 快乐垂钓, 总数: 2, 有效: 0, 有效率: 0.00%, IPv4: 2, IPv6: 0, 最小延迟: -1 ms, 最高速率: 0.00 M/s, 平均速率: 0.00 M/s, 最高分辨率: None, 平均帧率: 未知, 视频编解码器: 未知, 音频编解码器: 未知
分类: 🪁动画频道, 名称: 新动漫, 总数: 1, 有效: 0, 有效率: 0.00%, IPv4: 1, IPv6: 0, 最小延迟: -1 ms, 最高速率: 0.00 M/s, 平均速率: 0.00 M/s, 最高分辨率: None, 平均帧率: 未知, 视频编解码器: 未知, 音频编解码器: 未知
分类: 🪁动画频道, 名称: 优漫卡通, 总数: 3, 有效: 0, 有效率: 0.00%, IPv4: 3, IPv6: 0, 最小延迟: -1 ms, 最高速率: 0.00 M/s, 平均速率: 0.00 M/s, 最高分辨率: None, 平均帧率: 未知, 视频编解码器: 未知, 音频编解码器: 未知
分类: 🪁动画频道, 名称: 金鹰卡通, 总数: 5, 有效: 0, 有效率: 0.00%, IPv4: 5, IPv6: 0, 最小延迟: 4001 ms, 最高速率: 0.42 M/s, 平均速率: 0.00 M/s, 最高分辨率: 720x576, 平均帧率: 50.00, 视频编解码器: h264, 音频编解码器: mp2
分类: 🪁动画频道, 名称: 黑莓动画, 总数: 4, 有效: 0, 有效率: 0.00%, IPv4: 4, IPv6: 0, 最小延迟: -1 ms, 最高速率: 0.00 M/s, 平均速率: 0.00 M/s, 最高分辨率: None, 平均帧率: 未知, 视频编解码器: 未知, 音频编解码器: 未知
分类: 🪁动画频道, 名称: 炫动卡通, 总数: 2, 有效: 0, 有效率: 0.00%, IPv4: 2, IPv6: 0, 最小延迟: -1 ms, 最高速率: 0.00 M/s, 平均速率: 0.00 M/s, 最高分辨率: None, 平均帧率: 未知, 视频编解码器: 未知, 音频编解码器: 未知
